src/components/ui/scroll-area.tsx(1,1): error TS6133: 'React' is declared but its value is never read.
src/features/connection/ConnectionList.tsx(81,33): error TS2322: Type '{ children: Element; asChild: true; }' is not assignable to type 'IntrinsicAttributes & ContextMenuTriggerProps'.
  Property 'asChild' does not exist on type 'IntrinsicAttributes & ContextMenuTriggerProps'.
